{
  "summary": "A multi-agent task and project management system with capabilities for task collection, organization, reminders, progress tracking, and resource allocation.",
  "agents": [
    {
      "name": "Task Collector Agent",
      "role": "Data Gathering",
      "description": "Collects tasks from various sources including emails, Slack messages, and manual input.",
      "required_capabilities": ["email integration", "slack integration", "data extraction"]
    },
    {
      "name": "Task Organizer Agent",
      "role": "Data Processing",
      "description": "Categorizes and prioritizes tasks based on deadlines, importance, and dependencies between tasks.",
      "required_capabilities": ["database management", "priority algorithm", "categorization"]
    },
    {
      "name": "Reminder Agent",
      "role": "Notification",
      "description": "Sends timely notifications about upcoming deadlines and important tasks.",
      "required_capabilities": ["scheduling", "multi-channel notifications"]
    },
    {
      "name": "Progress Tracking Agent",
      "role": "Monitoring",
      "description": "Monitors task completion status and generates reports on progress.",
      "required_capabilities": ["data visualization", "analytics", "bottleneck detection"]
    },
    {
      "name": "Resource Allocation Agent",
      "role": "Resource Management",
      "description": "Analyzes resource requirements and suggests optimal allocation of team members.",
      "required_capabilities": ["skill matching", "availability tracking", "workload balancing"]
    }
  ],
  "tools": [
    {
      "name": "Email Integration",
      "purpose": "Connect with email services like Gmail and Outlook",
      "usedBy": ["Task Collector Agent"]
    },
    {
      "name": "Calendar Integration",
      "purpose": "Sync with calendar applications for scheduling",
      "usedBy": ["Reminder Agent", "Resource Allocation Agent"]
    },
    {
      "name": "Slack Connector",
      "purpose": "Interface with Slack for messages and notifications",
      "usedBy": ["Task Collector Agent", "Reminder Agent"]
    },
    {
      "name": "Project Management API",
      "purpose": "Connect with tools like Jira and Trello",
      "usedBy": ["Task Organizer Agent", "Progress Tracking Agent"]
    },
    {
      "name": "Time Tracking Integration",
      "purpose": "Interface with time tracking software",
      "usedBy": ["Progress Tracking Agent", "Resource Allocation Agent"]
    },
    {
      "name": "Database System",
      "purpose": "Central storage for all task and project data",
      "usedBy": ["Task Organizer Agent", "Progress Tracking Agent", "Resource Allocation Agent"]
    }
  ],
  "relationships": [
    {
      "source": "Task Collector Agent",
      "target": "Task Organizer Agent",
      "description": "Data flow from collection to organization",
      "dataFlow": "Raw task data"
    },
    {
      "source": "Task Organizer Agent",
      "target": "Reminder Agent",
      "description": "Providing organized task data for notifications",
      "dataFlow": "Task deadlines and priorities"
    },
    {
      "source": "Task Organizer Agent",
      "target": "Progress Tracking Agent",
      "description": "Sharing task structure for tracking",
      "dataFlow": "Organized task data with dependencies"
    },
    {
      "source": "Task Organizer Agent",
      "target": "Resource Allocation Agent",
      "description": "Providing task requirements for resource planning",
      "dataFlow": "Task details and resource requirements"
    }
  ],
  "orchestrationPattern": {
    "type": "Hierarchical",
    "justification": "The Task Organizer acts as a central hub that receives data from the Collector and distributes to other agents"
  },
  "constraints": [
    "Must handle multiple projects simultaneously",
    "Needs to provide both detailed and high-level views",
    "Should support various third-party integrations"
  ]
} 